// Jest Snapshot v1, https://goo.gl/fbAQLP

exports[`renders ./components/grid/demo/basic.native.tsx correctly 1`] = `null`;
